2026-05-31T07:58:01Z INF Thank you for trying Cloudflare Tunnel. Doing so, without a Cloudflare account, is a quick way to experiment and try it out. However, be aware that these account-less Tunnels have no uptime guarantee, are subject to the Cloudflare Online Services Terms of Use (https://www.cloudflare.com/website-terms/), and Cloudflare reserves the right to investigate your use of Tunnels for violations of such terms. If you intend to use Tunnels in production you should use a pre-created named tunnel by following: https://developers.cloudflare.com/cloudflare-one/connections/connect-apps
2026-05-31T07:58:01Z INF Requesting new quick Tunnel on trycloudflare.com...
2026-05-31T07:58:06Z INF +--------------------------------------------------------------------------------------------+
2026-05-31T07:58:06Z INF |  Your quick Tunnel has been created! Visit it at (it may take some time to be reachable):  |
2026-05-31T07:58:06Z INF |  https://slot-similarly-aggregate-elevation.trycloudflare.com                              |
2026-05-31T07:58:06Z INF +--------------------------------------------------------------------------------------------+
2026-05-31T07:58:06Z INF Cannot determine default configuration path. No file [config.yml config.yaml] in [~/.cloudflared ~/.cloudflare-warp ~/cloudflare-warp]
2026-05-31T07:58:06Z INF Version 2026.5.2 (Checksum 20b9638f685333d623798e733effbad2487093f15ba592f6c7752360ff3b7ab7)
2026-05-31T07:58:06Z INF GOOS: windows, GOVersion: go1.26.3, GoArch: amd64
2026-05-31T07:58:06Z INF Settings: map[ha-connections:1 no-autoupdate:true protocol:quic url:http://localhost:3001]
2026-05-31T07:58:06Z INF cloudflared will not automatically update on Windows systems.
2026-05-31T07:58:06Z INF Generated Connector ID: 264945f3-0525-4ee2-8051-97f4ecd68994
2026-05-31T07:58:06Z INF Initial protocol quic
2026-05-31T07:58:06Z INF ICMP proxy will use 10.185.42.39 as source for IPv4
2026-05-31T07:58:06Z INF ICMP proxy will use 2409:40f4:a7:bdb6:8bc5:78b5:7108:840 in zone Wi-Fi as source for IPv6
2026-05-31T07:58:06Z INF cloudflared does not support loading the system root certificate pool on Windows. Please use --origin-ca-pool <PATH> to specify the path to the certificate pool
2026-05-31T07:58:06Z INF ICMP proxy will use 10.185.42.39 as source for IPv4
2026-05-31T07:58:06Z INF Tunnel connection curve preferences: [X25519MLKEM768 CurveID(65074) CurveP256] connIndex=0 event=0 ip=2606:4700:a8::5
2026-05-31T07:58:06Z INF ICMP proxy will use 2409:40f4:a7:bdb6:8bc5:78b5:7108:840 in zone Wi-Fi as source for IPv6
2026-05-31T07:58:06Z INF Starting metrics server on 127.0.0.1:20241/metrics
2026-05-31T07:58:06Z INF +-------------------------------------------------------------------------------------+
2026-05-31T07:58:06Z INF |                               CONNECTIVITY PRE-CHECKS                               |
2026-05-31T07:58:06Z INF +-------------------------------------------------------------------------------------+
2026-05-31T07:58:06Z INF |  COMPONENT         TARGET                     STATUS  DETAILS                       |
2026-05-31T07:58:06Z INF |  DNS Resolution    region1.v2.argotunnel.com  PASS    DNS Resolved successfully     |
2026-05-31T07:58:06Z INF |  DNS Resolution    region2.v2.argotunnel.com  PASS    DNS Resolved successfully     |
2026-05-31T07:58:06Z INF |  UDP Connectivity  region1.v2.argotunnel.com  PASS    QUIC connection successful    |
2026-05-31T07:58:06Z INF |  UDP Connectivity  region2.v2.argotunnel.com  PASS    QUIC connection successful    |
2026-05-31T07:58:06Z INF |  TCP Connectivity  region1.v2.argotunnel.com  PASS    HTTP/2 connection successful  |
2026-05-31T07:58:06Z INF |  TCP Connectivity  region2.v2.argotunnel.com  PASS    HTTP/2 connection successful  |
2026-05-31T07:58:06Z INF |  Cloudflare API    api.cloudflare.com:443     PASS    API is reachable              |
2026-05-31T07:58:06Z INF |                                                                                     |
2026-05-31T07:58:06Z INF |  SUMMARY: Environment is healthy. cloudflared will use 'quic' as primary protocol.  |
2026-05-31T07:58:06Z INF +-------------------------------------------------------------------------------------+
2026-05-31T07:58:06Z INF precheck component="DNS Resolution" details="DNS Resolved successfully" run_id=b7df6ffd-a4fc-4357-9217-0f9fd807a710 status=pass target=region1.v2.argotunnel.com
2026-05-31T07:58:06Z INF precheck component="DNS Resolution" details="DNS Resolved successfully" run_id=b7df6ffd-a4fc-4357-9217-0f9fd807a710 status=pass target=region2.v2.argotunnel.com
2026-05-31T07:58:06Z INF precheck component="UDP Connectivity" details="QUIC connection successful" run_id=b7df6ffd-a4fc-4357-9217-0f9fd807a710 status=pass target=region1.v2.argotunnel.com
2026-05-31T07:58:06Z INF precheck component="UDP Connectivity" details="QUIC connection successful" run_id=b7df6ffd-a4fc-4357-9217-0f9fd807a710 status=pass target=region2.v2.argotunnel.com
2026-05-31T07:58:06Z INF precheck component="TCP Connectivity" details="HTTP/2 connection successful" run_id=b7df6ffd-a4fc-4357-9217-0f9fd807a710 status=pass target=region1.v2.argotunnel.com
2026-05-31T07:58:06Z INF precheck component="TCP Connectivity" details="HTTP/2 connection successful" run_id=b7df6ffd-a4fc-4357-9217-0f9fd807a710 status=pass target=region2.v2.argotunnel.com
2026-05-31T07:58:06Z INF precheck component="Cloudflare API" details="API is reachable" run_id=b7df6ffd-a4fc-4357-9217-0f9fd807a710 status=pass target=api.cloudflare.com:443
2026-05-31T07:58:06Z INF precheck complete hard_fail=false run_id=b7df6ffd-a4fc-4357-9217-0f9fd807a710 suggested_protocol=quic
2026-05-31T07:58:07Z INF Registered tunnel connection connIndex=0 connection=9e29e59b-fbef-4f32-9d36-7529e781a788 event=0 ip=2606:4700:a8::5 location=bom08 protocol=quic
2026-05-31T08:29:45Z INF Initiating graceful shutdown due to signal terminated ...
2026-05-31T08:29:45Z ERR failed to run the datagram handler error="Application error 0x0 (remote)" connIndex=0 event=0 ip=2606:4700:a8::5
2026-05-31T08:29:45Z ERR failed to serve tunnel connection error="accept stream listener encountered a failure while serving" connIndex=0 event=0 ip=2606:4700:a8::5
2026-05-31T08:29:45Z ERR Serve tunnel error error="accept stream listener encountered a failure while serving" connIndex=0 event=0 ip=2606:4700:a8::5
2026-05-31T08:29:45Z INF Retrying connection in up to 1s connIndex=0 event=0 ip=2606:4700:a8::5
2026-05-31T08:29:45Z ERR Connection terminated connIndex=0
2026-05-31T08:29:45Z ERR no more connections active and exiting
2026-05-31T08:29:45Z INF Tunnel server stopped
2026-05-31T08:29:45Z INF Metrics server stopped
